
┌──(denji㉿Denji)-[~/harsh]
└─$ git log
fatal: your current branch 'master' does not have any commits yet

┌──(denji㉿Denji)-[~/harsh]
└─$ git commit -m "Dunno why im doing this"
Author identity unknown

*** Please tell me who you are.

Run

  git config --global user.email "you@example.com"
  git config --global user.name "Your Name"

to set your account's default identity.
Omit --global to set the identity only in this repository.

fatal: empty ident name (for <denji@Denji.>) not allowed

┌──(denji㉿Denji)-[~/harsh]
└─$ git git config --global user.name^C

┌──(denji㉿Denji)-[~/harsh]
└─$ git config --global user.name "Harsh"

┌──(denji㉿Denji)-[~/harsh]
└─$ git config --global user.email "harsh@gmail.com"

┌──(denji㉿Denji)-[~/harsh]
└─$ git commit -m "New feature added"
On branch master

Initial commit

Untracked files:
  (use "git add <file>..." to include in what will be committed)
        f1.txt
        f2.txt

nothing added to commit but untracked files present (use "git add" to track)

┌──(denji㉿Denji)-[~/harsh]
└─$ git add f1.txt

┌──(denji㉿Denji)-[~/harsh]
└─$ git status
On branch master

No commits yet

Changes to be committed:
  (use "git rm --cached <file>..." to unstage)
        new file:   f1.txt

Untracked files:
  (use "git add <file>..." to include in what will be committed)
        f2.txt


┌──(denji㉿Denji)-[~/harsh]
└─$ git commit -m "New feature added"
[master (root-commit) a462574] New feature added
 1 file changed, 1 insertion(+)
 create mode 100644 f1.txt

┌──(denji㉿Denji)-[~/harsh]
└─$ git status
On branch master
Untracked files:
  (use "git add <file>..." to include in what will be committed)
        f2.txt

nothing added to commit but untracked files present (use "git add" to track)

┌──(denji㉿Denji)-[~/harsh]
└─$ git log
commit a4625747a2e957889c92bcc82765e6403cfea04a (HEAD -> master)
Author: Harsh <harsh@gmail.com>
Date:   Fri Dec 6 18:50:09 2024 +0530

    New feature added

┌──(denji㉿Denji)-[~/harsh]
└─$ git add .

┌──(denji㉿Denji)-[~/harsh]
└─$ git status
On branch master
Changes to be committed:
  (use "git restore --staged <file>..." to unstage)
        new file:   f2.txt


┌──(denji㉿Denji)-[~/harsh]
└─$ git commit -m "I am aws"
[master 81dee8f] I am aws
 1 file changed, 0 insertions(+), 0 deletions(-)
 create mode 100644 f2.txt

┌──(denji㉿Denji)-[~/harsh]
└─$ git status
On branch master
nothing to commit, working tree clean

┌──(denji㉿Denji)-[~/harsh]
└─$ git log
commit 81dee8f04f082b2f2c05315c9914a2ec0b9acc55 (HEAD -> master)
Author: Harsh <harsh@gmail.com>
Date:   Fri Dec 6 18:51:25 2024 +0530

    I am aws

commit a4625747a2e957889c92bcc82765e6403cfea04a
Author: Harsh <harsh@gmail.com>
Date:   Fri Dec 6 18:50:09 2024 +0530

    New feature added

┌──(denji㉿Denji)-[~/harsh]
└─$ git log --oneline
81dee8f (HEAD -> master) I am aws
a462574 New feature added

┌──(denji㉿Denji)-[~/harsh]
└─$ git config
usage: git config [<options>]

Config file location
    --[no-]global         use global config file
    --[no-]system         use system config file
    --[no-]local          use repository config file
    --[no-]worktree       use per-worktree config file
    -f, --[no-]file <file>
                          use given config file
    --[no-]blob <blob-id> read config from given blob object

Action
    --[no-]get            get value: name [value-pattern]
    --[no-]get-all        get all values: key [value-pattern]
    --[no-]get-regexp     get values for regexp: name-regex [value-pattern]
    --[no-]get-urlmatch   get value specific for the URL: section[.var] URL
    --[no-]replace-all    replace all matching variables: name value [value-pattern]
    --[no-]add            add a new variable: name value
    --[no-]unset          remove a variable: name [value-pattern]
    --[no-]unset-all      remove all matches: name [value-pattern]
    --[no-]rename-section rename section: old-name new-name
    --[no-]remove-section remove a section: name
    -l, --[no-]list       list all
    --[no-]fixed-value    use string equality when comparing values to 'value-pattern'
    -e, --[no-]edit       open an editor
    --[no-]get-color      find the color configured: slot [default]
    --[no-]get-colorbool  find the color setting: slot [stdout-is-tty]

Type
    -t, --[no-]type <type>
                          value is given this type
    --bool                value is "true" or "false"
    --int                 value is decimal number
    --bool-or-int         value is --bool or --int
    --bool-or-str         value is --bool or string
    --path                value is a path (file or directory name)
    --expiry-date         value is an expiry date

Other
    -z, --[no-]null       terminate values with NUL byte
    --[no-]name-only      show variable names only
    --[no-]includes       respect include directives on lookup
    --[no-]show-origin    show origin of config (file, standard input, blob, command line)
    --[no-]show-scope     show scope of config (worktree, local, global, system, command)
    --[no-]default <value>
                          with --get, use default value when missing entry
    --[no-]comment <value>
                          human-readable comment string (# will be prepended as needed)


┌──(denji㉿Denji)-[~/harsh]
└─$ vscode
Command 'vscode' not found, but can be installed with:
sudo apt install code-oss

┌──(denji㉿Denji)-[~/harsh]
└─$ sudo apt install code-oss
[sudo] password for denji:
Installing:
  code-oss

Installing dependencies:
  libcares2   node-acorn           node-brace-expansion   node-minimatch  node-xtend  nodejs-doc
  libnode115  node-balanced-match  node-cjs-module-lexer  node-undici     nodejs

Suggested packages:
  npm  node-corepack

Summary:
  Upgrading: 0, Installing: 12, Removing: 0, Not Upgrading: 0
  Download size: 101 MB
  Space needed: 413 MB / 1,019 GB available

Continue? [Y/n] Y
Get:1 http://kali.download/kali kali-last-snapshot/main amd64 libcares2 amd64 1.34.2-1 [92.7 kB]
Get:2 http://kali.download/kali kali-last-snapshot/main amd64 node-xtend all 4.0.2-3 [3,932 B]
Get:3 http://http.kali.org/kali kali-last-snapshot/main amd64 node-acorn all 8.8.1+ds+~cs25.17.7-2 [128 kB]
Get:4 http://http.kali.org/kali kali-last-snapshot/main amd64 node-cjs-module-lexer all 1.2.3+dfsg-1 [30.6 kB]
Get:5 http://kali.download/kali kali-last-snapshot/main amd64 node-balanced-match all 2.0.0-1 [4,872 B]
Get:6 http://http.kali.org/kali kali-last-snapshot/main amd64 node-brace-expansion all 2.0.1+~1.1.0-1 [7,912 B]
Get:8 http://http.kali.org/kali kali-last-snapshot/main amd64 node-undici all 5.28.4+dfsg1+~cs23.12.11-2 [314 kB]
Get:9 http://http.kali.org/kali kali-last-snapshot/main amd64 libnode115 amd64 20.18.0+dfsg-2 [12.1 MB]
Get:7 http://mirror.kku.ac.th/kali kali-last-snapshot/main amd64 node-minimatch all 9.0.3-5 [76.7 kB]
Get:12 http://http.kali.org/kali kali-last-snapshot/main amd64 nodejs-doc all 20.18.0+dfsg-2 [3,854 kB]
Get:10 http://http.kali.org/kali kali-last-snapshot/main amd64 nodejs amd64 20.18.0+dfsg-2 [349 kB]
Get:11 http://http.kali.org/kali kali-last-snapshot/main amd64 code-oss amd64 1.82.2+ds-0kali2 [84.5 MB]
Fetched 101 MB in 12s (8,811 kB/s)
Selecting previously unselected package libcares2:amd64.
(Reading database ... 211542 files and directories currently installed.)
Preparing to unpack .../00-libcares2_1.34.2-1_amd64.deb ...
Unpacking libcares2:amd64 (1.34.2-1) ...
Selecting previously unselected package node-xtend.
Preparing to unpack .../01-node-xtend_4.0.2-3_all.deb ...
Unpacking node-xtend (4.0.2-3) ...
Selecting previously unselected package node-acorn.
Preparing to unpack .../02-node-acorn_8.8.1+ds+~cs25.17.7-2_all.deb ...
Unpacking node-acorn (8.8.1+ds+~cs25.17.7-2) ...
Selecting previously unselected package node-cjs-module-lexer.
Preparing to unpack .../03-node-cjs-module-lexer_1.2.3+dfsg-1_all.deb ...
Unpacking node-cjs-module-lexer (1.2.3+dfsg-1) ...
Selecting previously unselected package node-balanced-match.
Preparing to unpack .../04-node-balanced-match_2.0.0-1_all.deb ...
Unpacking node-balanced-match (2.0.0-1) ...
Selecting previously unselected package node-brace-expansion.
Preparing to unpack .../05-node-brace-expansion_2.0.1+~1.1.0-1_all.deb ...
Unpacking node-brace-expansion (2.0.1+~1.1.0-1) ...
Selecting previously unselected package node-minimatch.
Preparing to unpack .../06-node-minimatch_9.0.3-5_all.deb ...
Unpacking node-minimatch (9.0.3-5) ...
Selecting previously unselected package node-undici.
Preparing to unpack .../07-node-undici_5.28.4+dfsg1+~cs23.12.11-2_all.deb ...
Unpacking node-undici (5.28.4+dfsg1+~cs23.12.11-2) ...
Selecting previously unselected package libnode115:amd64.
Preparing to unpack .../08-libnode115_20.18.0+dfsg-2_amd64.deb ...
Unpacking libnode115:amd64 (20.18.0+dfsg-2) ...
Selecting previously unselected package nodejs.
Preparing to unpack .../09-nodejs_20.18.0+dfsg-2_amd64.deb ...
Unpacking nodejs (20.18.0+dfsg-2) ...
Selecting previously unselected package code-oss.
Preparing to unpack .../10-code-oss_1.82.2+ds-0kali2_amd64.deb ...
Unpacking code-oss (1.82.2+ds-0kali2) ...
Selecting previously unselected package nodejs-doc.
Preparing to unpack .../11-nodejs-doc_20.18.0+dfsg-2_all.deb ...
Unpacking nodejs-doc (20.18.0+dfsg-2) ...
Setting up node-cjs-module-lexer (1.2.3+dfsg-1) ...
Setting up node-balanced-match (2.0.0-1) ...
Setting up node-brace-expansion (2.0.1+~1.1.0-1) ...
Setting up libcares2:amd64 (1.34.2-1) ...
Setting up nodejs-doc (20.18.0+dfsg-2) ...
Setting up node-undici (5.28.4+dfsg1+~cs23.12.11-2) ...
Setting up node-minimatch (9.0.3-5) ...
Setting up node-xtend (4.0.2-3) ...
Setting up node-acorn (8.8.1+ds+~cs25.17.7-2) ...
Setting up libnode115:amd64 (20.18.0+dfsg-2) ...
Setting up nodejs (20.18.0+dfsg-2) ...
update-alternatives: using /usr/bin/nodejs to provide /usr/bin/js (js) in auto mode
Setting up code-oss (1.82.2+ds-0kali2) ...
Processing triggers for desktop-file-utils (0.27-2) ...
Processing triggers for libc-bin (2.40-3) ...
Processing triggers for man-db (2.13.0-1) ...
Processing triggers for shared-mime-info (2.4-5+b1) ...
Processing triggers for kali-menu (2024.4.0) ...

┌──(denji㉿Denji)-[~/harsh]
└─$ git config --global code.editor

┌──(denji㉿Denji)-[~/harsh]
└─$ git config --global code.editor "code--wait"

┌──(denji㉿Denji)-[~/harsh]
└─$ code
┏━(Message from Kali developers)
┃ code is not the binary you may be expecting.
┃ You are looking for \"code-oss\"
┃ Starting code-oss for you...
┗━
[5699:1206/191822.126643:ERROR:bus.cc(399)] Failed to connect to the bus: Failed to connect to socket /run/user/1000/bus: No such file or directory
[5699:1206/191822.126787:ERROR:bus.cc(399)] Failed to connect to the bus: Failed to connect to socket /run/user/1000/bus: No such file or directory

┌──(denji㉿Denji)-[~/harsh]
└─$ git status
On branch master
Changes not staged for commit:
  (use "git add <file>..." to update what will be committed)
  (use "git restore <file>..." to discard changes in working directory)
        modified:   f1.txt

no changes added to commit (use "git add" and/or "git commit -a")

┌──(denji㉿Denji)-[~/harsh]
└─$ git commit -m "Branchhhhhh"
On branch master
Changes not staged for commit:
  (use "git add <file>..." to update what will be committed)
  (use "git restore <file>..." to discard changes in working directory)
        modified:   f1.txt

no changes added to commit (use "git add" and/or "git commit -a")

┌──(denji㉿Denji)-[~/harsh]
└─$ git add .

┌──(denji㉿Denji)-[~/harsh]
└─$ git commit -m "Branchhhhhh"
[master 187ccc2] Branchhhhhh
 1 file changed, 1 insertion(+)

┌──(denji㉿Denji)-[~/harsh]
└─$ git status
On branch master
nothing to commit, working tree clean

┌──(denji㉿Denji)-[~/harsh]
└─$ git log
commit 187ccc2d2b5358fd9c4e3d2c310a2dd4e7c10834 (HEAD -> master)
Author: Harsh <harsh@gmail.com>
Date:   Fri Dec 6 19:19:02 2024 +0530

    Branchhhhhh

commit 81dee8f04f082b2f2c05315c9914a2ec0b9acc55
Author: Harsh <harsh@gmail.com>
Date:   Fri Dec 6 18:51:25 2024 +0530

    I am aws

commit a4625747a2e957889c92bcc82765e6403cfea04a
Author: Harsh <harsh@gmail.com>
Date:   Fri Dec 6 18:50:09 2024 +0530

    New feature added

┌──(denji㉿Denji)-[~/harsh]
└─$ git config --global core.editor "code --wait"

┌──(denji㉿Denji)-[~/harsh]
└─$ git log --oneline
187ccc2 (HEAD -> master) Branchhhhhh
81dee8f I am aws
a462574 New feature added

┌──(denji㉿Denji)-[~/harsh]
└─$ touch .gitignore

┌──(denji㉿Denji)-[~/harsh]
└─$ ls
f1.txt  f2.txt

┌──(denji㉿Denji)-[~/harsh]
└─$ ls -lm
f1.txt, f2.txt

┌──(denji㉿Denji)-[~/harsh]
└─$ ls -a
.  ..  f1.txt  f2.txt  .git  .gitignore

┌──(denji㉿Denji)-[~/harsh]
└─$ git status
On branch master
Untracked files:
  (use "git add <file>..." to include in what will be committed)
        .gitignore

nothing added to commit but untracked files present (use "git add" to track)

┌──(denji㉿Denji)-[~/harsh]
└─$ git add .

┌──(denji㉿Denji)-[~/harsh]
└─$ git add .

┌──(denji㉿Denji)-[~/harsh]
└─$ git status
On branch master
Changes to be committed:
  (use "git restore --staged <file>..." to unstage)
        new file:   .gitignore


┌──(denji㉿Denji)-[~/harsh]
└─$ git add .

┌──(denji㉿Denji)-[~/harsh]
└─$ git status
On branch master
Changes to be committed:
  (use "git restore --staged <file>..." to unstage)
        new file:   .gitignore


┌──(denji㉿Denji)-[~/harsh]
└─$ git commit -m "added gitignore"
[master 6585a8f] added gitignore
 1 file changed, 2 insertions(+)
 create mode 100644 .gitignore

┌──(denji㉿Denji)-[~/harsh]
└─$ git add .

┌──(denji㉿Denji)-[~/harsh]
└─$ git status
On branch master
nothing to commit, working tree clean

┌──(denji㉿Denji)-[~/harsh]
└─$ git og
git: 'og' is not a git command. See 'git --help'.

The most similar command is
        log

┌──(denji㉿Denji)-[~/harsh]
└─$ git log
commit 6585a8f8a98d6c5effbba3fbdd6cd75e5b440f64 (HEAD -> master)
Author: Harsh <harsh@gmail.com>
Date:   Fri Dec 6 19:37:22 2024 +0530

    added gitignore

commit 187ccc2d2b5358fd9c4e3d2c310a2dd4e7c10834
Author: Harsh <harsh@gmail.com>
Date:   Fri Dec 6 19:19:02 2024 +0530

    Branchhhhhh

commit 81dee8f04f082b2f2c05315c9914a2ec0b9acc55
Author: Harsh <harsh@gmail.com>
Date:   Fri Dec 6 18:51:25 2024 +0530

    I am aws

commit a4625747a2e957889c92bcc82765e6403cfea04a
Author: Harsh <harsh@gmail.com>
Date:   Fri Dec 6 18:50:09 2024 +0530

    New feature added

┌──(denji㉿Denji)-[~/harsh]
└─$ git commit
On branch master
nothing to commit, working tree clean

┌──(denji㉿Denji)-[~/harsh]
└─$ git branch
* master

┌──(denji㉿Denji)-[~/harsh]
└─$ git status
On branch master
Untracked files:
  (use "git add <file>..." to include in what will be committed)
        index.html

nothing added to commit but untracked files present (use "git add" to track)

┌──(denji㉿Denji)-[~/harsh]
└─$ git add index.html

┌──(denji㉿Denji)-[~/harsh]
└─$ git status
On branch master
Changes to be committed:
  (use "git restore --staged <file>..." to unstage)
        new file:   index.html


┌──(denji㉿Denji)-[~/harsh]
└─$ git commit -m "For index file."
[master 2cbf748] For index file.
 1 file changed, 11 insertions(+)
 create mode 100644 index.html

┌──(denji㉿Denji)-[~/harsh]
└─$ git checkout -b "nav"
Switched to a new branch 'nav'

┌──(denji㉿Denji)-[~/harsh]
└─$ git branch
  master
* nav

┌──(denji㉿Denji)-[~/harsh]
└─$ touch nav-bar.html

┌──(denji㉿Denji)-[~/harsh]
└─$ git status
On branch nav
Untracked files:
  (use "git add <file>..." to include in what will be committed)
        nav-bar.html

nothing added to commit but untracked files present (use "git add" to track)

┌──(denji㉿Denji)-[~/harsh]
└─$ git add nav-bar.html

┌──(denji㉿Denji)-[~/harsh]
└─$ git commit -m "Add navbar"
[nav e8d6661] Add navbar
 1 file changed, 7 insertions(+)
 create mode 100644 nav-bar.html

┌──(denji㉿Denji)-[~/harsh]
└─$ git checkout master
Switched to branch 'master'

┌──(denji㉿Denji)-[~/harsh]
└─$ touch hero.html

┌──(denji㉿Denji)-[~/harsh]
└─$ git add hero.html

┌──(denji㉿Denji)-[~/harsh]
└─$ git commit -m "Added hero"
[master 61f923a] Added hero
 1 file changed, 6 insertions(+)
 create mode 100644 hero.html

┌──(denji㉿Denji)-[~/harsh]
└─$ git checkout nav
Switched to branch 'nav'

┌──(denji㉿Denji)-[~/harsh]
└─$ git checkout master
Switched to branch 'master'

┌──(denji㉿Denji)-[~/harsh]
└─$ git checkout nav
Switched to branch 'nav'

┌──(denji㉿Denji)-[~/harsh]
└─$ git branch
  master
* nav

┌──(denji㉿Denji)-[~/harsh]
└─$ git checkout master
Switched to branch 'master'

┌──(denji㉿Denji)-[~/harsh]
└─$ git log --oneline
61f923a (HEAD -> master) Added hero
2cbf748 For index file.
6585a8f added gitignore
187ccc2 Branchhhhhh
81dee8f I am aws
a462574 New feature added

┌──(denji㉿Denji)-[~/harsh]
└─$ git checkout nav
Switched to branch 'nav'

┌──(denji㉿Denji)-[~/harsh]
└─$ git log --oneline
e8d6661 (HEAD -> nav) Add navbar
2cbf748 For index file.
6585a8f added gitignore
187ccc2 Branchhhhhh
81dee8f I am aws
a462574 New feature added

┌──(denji㉿Denji)-[~/harsh]
└─$ git status
On branch nav
nothing to commit, working tree clean

┌──(denji㉿Denji)-[~/harsh]
└─$ git checkout master
Switched to branch 'master'

┌──(denji㉿Denji)-[~/harsh]
└─$ git branch
* master
  nav

┌──(denji㉿Denji)-[~/harsh]
└─$ git merge nav
hint: Waiting for your editor to close the file... ┏━(Message from Kali developers)
┃ code is not the binary you may be expecting.
┃ You are looking for \"code-oss\"
┃ Starting code-oss for you...
┗━
[6201:1206/222124.240062:ERROR:bus.cc(399)] Failed to connect to the bus: Failed to connect to socket /run/user/1000/bus: No such file or directory
[6201:1206/222124.240218:ERROR:bus.cc(399)] Failed to connect to the bus: Failed to connect to socket /run/user/1000/bus: No such file or directory
[6201:1206/222126.386555:ERROR:service_worker_storage.cc(2016)] Failed to delete the database: Database IO error
Merge made by the 'ort' strategy.
 nav-bar.html | 7 +++++++
 1 file changed, 7 insertions(+)
 create mode 100644 nav-bar.html

┌──(denji㉿Denji)-[~/harsh]
└─$ git branch
* master
  nav

┌──(denji㉿Denji)-[~/harsh]
└─$ git status
On branch master
nothing to commit, working tree clean

┌──(denji㉿Denji)-[~/harsh]
└─$ git branch -d nav
Deleted branch nav (was e8d6661).

┌──(denji㉿Denji)-[~/harsh]
└─$ git status
On branch master
nothing to commit, working tree clean

┌──(denji㉿Denji)-[~/harsh]
└─$ git branch
* master

┌──(denji㉿Denji)-[~/harsh]
└─$ git checkout -b footer
Switched to a new branch 'footer'

┌──(denji㉿Denji)-[~/harsh]
└─$ git branch
* footer
  master

┌──(denji㉿Denji)-[~/harsh]
└─$ git add footer.html

┌──(denji㉿Denji)-[~/harsh]
└─$ git commit -m "Added footer.html"
[footer 72e4f63] Added footer.html
 1 file changed, 1 insertion(+)
 create mode 100644 footer.html

┌──(denji㉿Denji)-[~/harsh]
└─$ git branch
* footer
  master

┌──(denji㉿Denji)-[~/harsh]
└─$ git checkout master
Switched to branch 'master'

┌──(denji㉿Denji)-[~/harsh]
└─$ git merge footer
Updating f1cf01b..72e4f63
Fast-forward
 footer.html | 1 +
 1 file changed, 1 insertion(+)
 create mode 100644 footer.html

┌──(denji㉿Denji)-[~/harsh]
└─$ git branch -d footer
Deleted branch footer (was 72e4f63).

┌──(denji㉿Denji)-[~/harsh]
└─$ git checkout -b header
Switched to a new branch 'header'

┌──(denji㉿Denji)-[~/harsh]
└─$ git checkout master
Switched to branch 'master'

┌──(denji㉿Denji)-[~/harsh]
└─$ git status
On branch master
Changes not staged for commit:
  (use "git add <file>..." to update what will be committed)
  (use "git restore <file>..." to discard changes in working directory)
        modified:   index.html

no changes added to commit (use "git add" and/or "git commit -a")

┌──(denji㉿Denji)-[~/harsh]
└─$ git add index.html

┌──(denji㉿Denji)-[~/harsh]
└─$ git commit -m "Modified index"
[master 833b312] Modified index
 1 file changed, 3 insertions(+), 1 deletion(-)

┌──(denji㉿Denji)-[~/harsh]
└─$ git branch
  header
* master

┌──(denji㉿Denji)-[~/harsh]
└─$ git checkout header
Switched to branch 'header'

┌──(denji㉿Denji)-[~/harsh]
└─$ git add index.html

┌──(denji㉿Denji)-[~/harsh]
└─$ git commit -m "updatteee"
[header f8fd8c7] updatteee
 1 file changed, 1 insertion(+)

┌──(denji㉿Denji)-[~/harsh]
└─$ git checkout master
Switched to branch 'master'

┌──(denji㉿Denji)-[~/harsh]
└─$ git merge header
Auto-merging index.html
CONFLICT (content): Merge conflict in index.html
Automatic merge failed; fix conflicts and then commit the result.

┌──(denji㉿Denji)-[~/harsh]
└─$ git merge header
fatal: You have not concluded your merge (MERGE_HEAD exists).
Please, commit your changes before you merge.

┌──(denji㉿Denji)-[~/harsh]
└─$ git merge header
fatal: You have not concluded your merge (MERGE_HEAD exists).
Please, commit your changes before you merge.

┌──(denji㉿Denji)-[~/harsh]
└─$ git merge header
Already up to date.

┌──(denji㉿Denji)-[~/harsh]
└─$ git status
On branch master
nothing to commit, working tree clean

┌──(denji㉿Denji)-[~/harsh]
└─$ git push
fatal: No configured push destination.
Either specify the URL from the command-line or configure a remote repository using

    git remote add <name> <url>

and then push using the remote name

    git push <name>


┌──(denji㉿Denji)-[~/harsh]
└─$ git login
git: 'login' is not a git command. See 'git --help'.

The most similar command is
        column

┌──(denji㉿Denji)-[~/harsh]
└─$ gh
Command 'gh' not found, but can be installed with:
sudo apt install gh

┌──(denji㉿Denji)-[~/harsh]
└─$ sudo apt install gh
[sudo] password for denji:
Installing:
  gh

Summary:
  Upgrading: 0, Installing: 1, Removing: 0, Not Upgrading: 0
  Download size: 8,037 kB
  Space needed: 45.5 MB / 1,018 GB available

Get:1 http://kali.download/kali kali-last-snapshot/main amd64 gh amd64 2.46.0-1 [8,037 kB]
Fetched 8,037 kB in 2s (5,280 kB/s)
Selecting previously unselected package gh.
(Reading database ... 213734 files and directories currently installed.)
Preparing to unpack .../archives/gh_2.46.0-1_amd64.deb ...
Unpacking gh (2.46.0-1) ...
Setting up gh (2.46.0-1) ...
Processing triggers for man-db (2.13.0-1) ...
Processing triggers for kali-menu (2024.4.0) ...

┌──(denji㉿Denji)-[~/harsh]
└─$ gh login
unknown command "login" for "gh"

Usage:  gh <command> <subcommand> [flags]

Available commands:
  alias
  api
  auth
  browse
  cache
  co
  codespace
  completion
  config
  extension
  gist
  gpg-key
  issue
  label
  org
  pr
  project
  release
  repo
  ruleset
  run
  search
  secret
  ssh-key
  status
  variable
  workflow


┌──(denji㉿Denji)-[~/harsh]
└─$ gh login auth
unknown command "login" for "gh"

Usage:  gh <command> <subcommand> [flags]

Available commands:
  alias
  api
  auth
  browse
  cache
  co
  codespace
  completion
  config
  extension
  gist
  gpg-key
  issue
  label
  org
  pr
  project
  release
  repo
  ruleset
  run
  search
  secret
  ssh-key
  status
  variable
  workflow


┌──(denji㉿Denji)-[~/harsh]
└─$ gh auth
Authenticate gh and git with GitHub

USAGE
  gh auth <command> [flags]

AVAILABLE COMMANDS
  login:       Log in to a GitHub account
  logout:      Log out of a GitHub account
  refresh:     Refresh stored authentication credentials
  setup-git:   Setup git with GitHub CLI
  status:      View all accounts and authentication status
  switch:      Switch active GitHub account
  token:       Print the authentication token gh uses for a hostname and account

INHERITED FLAGS
  --help   Show help for command

LEARN MORE
  Use `gh <command> <subcommand> --help` for more information about a command.
  Read the manual at https://cli.github.com/manual


┌──(denji㉿Denji)-[~/harsh]
└─$ gh auth login
? What account do you want to log into? GitHub.com
? What is your preferred protocol for Git operations on this host? HTTPS
? Authenticate Git with your GitHub credentials? Yes
? How would you like to authenticate GitHub CLI? Login with a web browser

! First copy your one-time code: FEFB-6770
Press Enter to open github.com in your browser...
[GFX1-]: RenderCompositorSWGL failed mapping default framebuffer, no dt
[Parent 7399, IPC I/O Parent] WARNING: process 7449 exited on signal 9: file ./ipc/chromium/src/base/process_util_posix.cc:335
^[[A

^C

┌──(denji㉿Denji)-[~/harsh]
└─$ gh auth login
? What account do you want to log into? GitHub.com
? What is your preferred protocol for Git operations on this host? HTTPS
? Authenticate Git with your GitHub credentials? Yes
? How would you like to authenticate GitHub CLI? Login with a web browser

! First copy your one-time code: ABEA-53D8
Press Enter to open github.com in your browser...

^[[A✓ Authentication complete.
- gh config set -h github.com git_protocol https
✓ Configured git protocol
! Authentication credentials saved in plain text
✓ Logged in as aoifdlckn

┌──(denji㉿Denji)-[~/harsh]
└─$

┌──(denji㉿Denji)-[~/harsh]
└─$ git status
On branch master
nothing to commit, working tree clean

┌──(denji㉿Denji)-[~/harsh]
└─$ git push
fatal: No configured push destination.
Either specify the URL from the command-line or configure a remote repository using

    git remote add <name> <url>

and then push using the remote name

    git push <name>


┌──(denji㉿Denji)-[~/harsh]
└─$ git remote add or https://github.com/denji77/or.git

┌──(denji㉿Denji)-[~/harsh]
└─$ git push or
fatal: The current branch master has no upstream branch.
To push the current branch and set the remote as upstream, use

    git push --set-upstream or master

To have this happen automatically for branches without a tracking
upstream, see 'push.autoSetupRemote' in 'git help config'.


┌──(denji㉿Denji)-[~/harsh]
└─$ git push
fatal: The current branch master has no upstream branch.
To push the current branch and set the remote as upstream, use

    git push --set-upstream or master

To have this happen automatically for branches without a tracking
upstream, see 'push.autoSetupRemote' in 'git help config'.


┌──(denji㉿Denji)-[~/harsh]
└─$ git push master
fatal: 'master' does not appear to be a git repository
fatal: Could not read from remote repository.

Please make sure you have the correct access rights
and the repository exists.

┌──(denji㉿Denji)-[~/harsh]
└─$ git remote add or https://github.com/aoifdlckn/orgg.git
error: remote or already exists.

┌──(denji㉿Denji)-[~/harsh]
└─$ git remote add https://github.com/aoifdlckn/orgg.git
usage: git remote add [<options>] <name> <url>

    -f, --[no-]fetch      fetch the remote branches
    --[no-]tags           import all tags and associated objects when fetching
                          or do not fetch any tag at all (--no-tags)
    -t, --[no-]track <branch>
                          branch(es) to track
    -m, --[no-]master <branch>
                          master branch
    --[no-]mirror[=(push|fetch)]
                          set up remote as a mirror to push to or fetch from


┌──(denji㉿Denji)-[~/harsh]
└─$ git remote add origin https://github.com/aoifdlckn/orgg.git

┌──(denji㉿Denji)-[~/harsh]
└─$ git remote -v
or      https://github.com/denji77/or.git (fetch)
or      https://github.com/denji77/or.git (push)
origin  https://github.com/aoifdlckn/orgg.git (fetch)
origin  https://github.com/aoifdlckn/orgg.git (push)

┌──(denji㉿Denji)-[~/harsh]
└─$ git push origin main
error: src refspec main does not match any
error: failed to push some refs to 'https://github.com/aoifdlckn/orgg.git'

┌──(denji㉿Denji)-[~/harsh]
└─$ git remote -d
error: unknown switch `d'
usage: git remote [-v | --verbose]
   or: git remote add [-t <branch>] [-m <master>] [-f] [--tags | --no-tags] [--mirror=<fetch|push>] <name> <url>
   or: git remote rename [--[no-]progress] <old> <new>
   or: git remote remove <name>
   or: git remote set-head <name> (-a | --auto | -d | --delete | <branch>)
   or: git remote [-v | --verbose] show [-n] <name>
   or: git remote prune [-n | --dry-run] <name>
   or: git remote [-v | --verbose] update [-p | --prune] [(<group> | <remote>)...]
   or: git remote set-branches [--add] <name> <branch>...
   or: git remote get-url [--push] [--all] <name>
   or: git remote set-url [--push] <name> <newurl> [<oldurl>]
   or: git remote set-url --add <name> <newurl>
   or: git remote set-url --delete <name> <url>

    -v, --[no-]verbose    be verbose; must be placed before a subcommand


┌──(denji㉿Denji)-[~/harsh]
└─$ git remote remove or

┌──(denji㉿Denji)-[~/harsh]
└─$ git remote remove or
error: No such remote: 'or'

┌──(denji㉿Denji)-[~/harsh]
└─$ git remote remove origin

┌──(denji㉿Denji)-[~/harsh]
└─$ git remote -v

┌──(denji㉿Denji)-[~/harsh]
└─$ git remote add origin https://github.com/aoifdlckn/orgg.git

┌──(denji㉿Denji)-[~/harsh]
└─$ git push origin main
error: src refspec main does not match any
error: failed to push some refs to 'https://github.com/aoifdlckn/orgg.git'

┌──(denji㉿Denji)-[~/harsh]
└─$ git push origin master
Enumerating objects: 38, done.
Counting objects: 100% (38/38), done.
Delta compression using up to 16 threads
Compressing objects: 100% (32/32), done.
Writing objects: 100% (38/38), 3.29 KiB | 1.64 MiB/s, done.
Total 38 (delta 14), reused 0 (delta 0), pack-reused 0 (from 0)
remote: Resolving deltas: 100% (14/14), done.
To https://github.com/aoifdlckn/orgg.git
 * [new branch]      master -> master

┌──(denji㉿Denji)-[~/harsh]
└─$ git branch
  header
* master

┌──(denji㉿Denji)-[~/harsh]
└─$ git checkout header
Switched to branch 'header'

┌──(denji㉿Denji)-[~/harsh]
└─$ git push origin
fatal: The current branch header has no upstream branch.
To push the current branch and set the remote as upstream, use

    git push --set-upstream origin header

To have this happen automatically for branches without a tracking
upstream, see 'push.autoSetupRemote' in 'git help config'.


┌──(denji㉿Denji)-[~/harsh]
└─$ git push origin header
Total 0 (delta 0), reused 0 (delta 0), pack-reused 0 (from 0)
remote:
remote: Create a pull request for 'header' on GitHub by visiting:
remote:      https://github.com/aoifdlckn/orgg/pull/new/header
remote:
To https://github.com/aoifdlckn/orgg.git
 * [new branch]      header -> header

┌──(denji㉿Denji)-[~/harsh]
└─$ touch log.txt

┌──(denji㉿Denji)-[~/harsh]
└─$ log.txt
log.txt: command not found

┌──(denji㉿Denji)-[~/harsh]
└─$ code log.txt
┏━(Message from Kali developers)
┃ code is not the binary you may be expecting.
┃ You are looking for \"code-oss\"
┃ Starting code-oss for you...
┗━
[8562:1206/225653.489539:ERROR:bus.cc(399)] Failed to connect to the bus: Failed to connect to socket /run/user/1000/bus: No such file or directory
[8562:1206/225653.489679:ERROR:bus.cc(399)] Failed to connect to the bus: Failed to connect to socket /run/user/1000/bus: No such file or directory
[main 2024-12-06T17:26:53.685Z] update#setState disabled
[main 2024-12-06T17:26:53.688Z] update#ctor - updates are disabled as there is no update URL
[8562:1206/225653.694958:ERROR:bus.cc(399)] Failed to connect to the bus: Failed to connect to socket /run/user/1000/bus: No such file or directory
[8562:1206/225654.515790:ERROR:bus.cc(399)] Failed to connect to the bus: Failed to connect to socket /run/user/1000/bus: No such file or directory
[8562:1206/225655.162319:ERROR:bus.cc(399)] Failed to connect to the bus: Failed to connect to socket /run/user/1000/bus: No such file or directory
[8562:1206/225656.069670:ERROR:bus.cc(399)] Failed to connect to the bus: Failed to connect to socket /run/user/1000/bus: No such file or directory
[8562:1206/225708.935190:ERROR:bus.cc(399)] Failed to connect to the bus: Failed to connect to socket /run/user/1000/bus: No such file or directory
[main 2024-12-06T17:27:11.260Z] Extension host with pid 8658 exited with code: 0, signal: unknown.

┌──(denji㉿Denji)-[~/harsh]
└─$ git add .

┌──(denji㉿Denji)-[~/harsh]
└─$ git status
On branch header
Changes to be committed:
  (use "git restore --staged <file>..." to unstage)
        new file:   log.txt


┌──(denji㉿Denji)-[~/harsh]
└─$ git push
fatal: The current branch header has no upstream branch.
To push the current branch and set the remote as upstream, use

    git push --set-upstream origin header

To have this happen automatically for branches without a tracking
upstream, see 'push.autoSetupRemote' in 'git help config'.


┌──(denji㉿Denji)-[~/harsh]
└─$ git push .
Everything up-to-date

┌──(denji㉿Denji)-[~/harsh]
└─$ git commit -m "Hellooo"
[header 850de80] Hellooo
 1 file changed, 1075 insertions(+)
 create mode 100644 log.txt

┌──(denji㉿Denji)-[~/harsh]
└─$ git push .
Everything up-to-date

┌──(denji㉿Denji)-[~/harsh]
└─$ git status
On branch header
nothing to commit, working tree clean

┌──(denji㉿Denji)-[~/harsh]
└─$ git push master
fatal: 'master' does not appear to be a git repository
fatal: Could not read from remote repository.

Please make sure you have the correct access rights
and the repository exists.

┌──(denji㉿Denji)-[~/harsh]
└─$ git push header
fatal: 'header' does not appear to be a git repository
fatal: Could not read from remote repository.

Please make sure you have the correct access rights
and the repository exists.

┌──(denji㉿Denji)-[~/harsh]
└─$ la
.env  f1.txt  f2.txt  footer.html  .git  .gitignore  hero.html  index.html  log.txt  nav-bar.html

┌──(denji㉿Denji)-[~/harsh]
└─$ git add .

┌──(denji㉿Denji)-[~/harsh]
└─$ git status
On branch header
nothing to commit, working tree clean

┌──(denji㉿Denji)-[~/harsh]
└─$ git push
fatal: The current branch header has no upstream branch.
To push the current branch and set the remote as upstream, use

    git push --set-upstream origin header

To have this happen automatically for branches without a tracking
upstream, see 'push.autoSetupRemote' in 'git help config'.


┌──(denji㉿Denji)-[~/harsh]
└─$ git push origin main
error: src refspec main does not match any
error: failed to push some refs to 'https://github.com/aoifdlckn/orgg.git'

┌──(denji㉿Denji)-[~/harsh]
└─$

┌──(denji㉿Denji)-[~/harsh]
└─$ git push origin master
Everything up-to-date

┌──(denji㉿Denji)-[~/harsh]
└─$ git add log.txt

┌──(denji㉿Denji)-[~/harsh]
└─$ git status
On branch header
nothing to commit, working tree clean

┌──(denji㉿Denji)-[~/harsh]
└─$ git checkout master
Switched to branch 'master'

┌──(denji㉿Denji)-[~/harsh]
└─$ git add log.txt
fatal: pathspec 'log.txt' did not match any files

┌──(denji㉿Denji)-[~/harsh]
└─$ touch log.txt

┌──(denji㉿Denji)-[~/harsh]
└─$ gedit log.txt
Error creating proxy: Could not connect: No such file or directory (g-io-error-quark, 1)

(gedit:9160): tepl-WARNING **: 23:00:15.121: Style scheme 'Kali-Dark' cannot be found, falling back to 'Kali-Dark' default style scheme.

(gedit:9160): tepl-WARNING **: 23:00:15.121: Default style scheme 'Kali-Dark' cannot be found, check your installation.

